// Jest Snapshot v1, https://goo.gl/fbAQLP

exports[`provides responsive values to style prop 1`] = `
.emotion-0 {
  font-size: 1.25rem;
  padding-top: 1rem;
  padding-left: 2rem;
  padding-right: 2rem;
  padding-bottom: 0.5rem;
}

@media screen and (min-width:40rem) {
  .emotion-0 {
    font-size: 1.5rem;
    padding-top: 1.25rem;
    padding-left: 2.25rem;
    padding-right: 2.25rem;
  }
}

@media screen and (min-width:52rem) {
  .emotion-0 {
    font-size: 3.5rem;
    padding-top: 1.5rem;
    padding-left: 2.5rem;
    padding-right: 2.5rem;
  }
}

@media screen and (min-width:64rem) {
  .emotion-0 {
    font-size: 3.75rem;
    padding-top: 1.75rem;
    padding-left: 2.75rem;
    padding-right: 2.75rem;
  }
}

<div
  className="emotion-0"
/>
`;

exports[`theme 1`] = `
Object {
  "breakpoints": Array [
    "40rem",
    "52rem",
    "64rem",
  ],
  "fontSizeScales": Object {
    "base": Array [
      1,
      2,
      3,
      4,
    ],
    "large": Array [
      8,
      9,
      10,
      11,
    ],
    "small": Array [
      0,
      1,
      2,
      3,
    ],
  },
  "fontSizes": Array [
    "1rem",
    "1.25rem",
    "1.5rem",
    "1.75rem",
    "2rem",
    "2.25rem",
    "2.5rem",
    "2.75rem",
    "3rem",
    "3.25rem",
    "3.5rem",
    "3.75rem",
    "4rem",
    "4.25rem",
    "4.5rem",
    "4.75rem",
    "5rem",
    "5.25rem",
    "5.5rem",
    "5.75rem",
    "6rem",
  ],
  "space": Array [
    "0rem",
    "0.25rem",
    "0.5rem",
    "0.75rem",
    "1rem",
    "1.25rem",
    "1.5rem",
    "1.75rem",
    "2rem",
    "2.25rem",
    "2.5rem",
    "2.75rem",
    "3rem",
    "3.25rem",
    "3.5rem",
    "3.75rem",
    "4rem",
    "4.25rem",
    "4.5rem",
    "4.75rem",
    "5rem",
    "5.25rem",
    "5.5rem",
    "5.75rem",
    "6rem",
    "6.25rem",
    "6.5rem",
    "6.75rem",
    "7rem",
    "7.25rem",
    "7.5rem",
    "7.75rem",
    "8rem",
    "8.25rem",
    "8.5rem",
    "8.75rem",
    "9rem",
    "9.25rem",
    "9.5rem",
    "9.75rem",
    "10rem",
    "10.25rem",
    "10.5rem",
    "10.75rem",
    "11rem",
    "11.25rem",
    "11.5rem",
    "11.75rem",
    "12rem",
    "12.25rem",
    "12.5rem",
    "12.75rem",
    "13rem",
    "13.25rem",
    "13.5rem",
    "13.75rem",
    "14rem",
    "14.25rem",
    "14.5rem",
    "14.75rem",
    "15rem",
    "15.25rem",
    "15.5rem",
    "15.75rem",
    "16rem",
    "16.25rem",
    "16.5rem",
    "16.75rem",
    "17rem",
    "17.25rem",
    "17.5rem",
    "17.75rem",
    "18rem",
    "18.25rem",
    "18.5rem",
    "18.75rem",
    "19rem",
    "19.25rem",
    "19.5rem",
    "19.75rem",
    "20rem",
  ],
  "spaceScales": Object {
    "base": Array [
      4,
      5,
      6,
      7,
    ],
    "large": Array [
      8,
      9,
      10,
      11,
    ],
    "small": Array [
      1,
      2,
      3,
      4,
    ],
  },
}
`;
